// Jest Snapshot v1, https://goo.gl/fbAQLP

exports[`<SearchProductCell /> renders correctly 1`] = `
<DocumentFragment>
  <article
    class="makeStyles-container-1"
    data-testid="productCell"
  >
    <div
      class="makeStyles-imgContainer-5"
    >
      <img
        alt="Jeans"
        class="makeStyles-img-6"
        loading="lazy"
        src="/placeholder.png"
      />
    </div>
    <h6
      class="MuiTypography-root makeStyles-titleLabel-2 MuiTypography-body1"
      data-testid="productTitle"
    >
      Jeans
    </h6>
    <div
      class="makeStyles-inforContainer-3"
    >
      <div>
        <span
          class="MuiTypography-root makeStyles-infoTitleLabel-4 MuiTypography-caption"
        >
          GTIN
        </span>
        <span
          class="MuiTypography-root MuiTypography-caption"
          data-testid="productGTIN"
        >
          1
        </span>
      </div>
      <div>
        <span
          class="MuiTypography-root makeStyles-infoTitleLabel-4 MuiTypography-caption"
        >
          Gender
        </span>
        <span
          class="MuiTypography-root MuiTypography-caption"
          data-testid="productGender"
        >
          female
        </span>
      </div>
      <div>
        <span
          class="MuiTypography-root makeStyles-infoTitleLabel-4 MuiTypography-caption"
        >
          Price
        </span>
        <span
          class="MuiTypography-root MuiTypography-caption"
          data-testid="productPrice"
        >
          20.0 EUR
        </span>
      </div>
      <div>
        <span
          class="MuiTypography-root makeStyles-infoTitleLabel-4 MuiTypography-caption"
        >
          Sale Price
        </span>
        <span
          class="MuiTypography-root MuiTypography-caption"
          data-testid="productSalePrice"
        >
          20.0 EUR
        </span>
      </div>
    </div>
  </article>
</DocumentFragment>
`;
