// Jest Snapshot v1, https://goo.gl/fbAQLP

exports[`<SearchInput /> typing in input renders correctly 1`] = `
<DocumentFragment>
  <div
    class="MuiFormControl-root MuiTextField-root"
  >
    <label
      class="MuiFormLabel-root MuiInputLabel-root MuiInputLabel-formControl MuiInputLabel-animated MuiInputLabel-outlined"
      data-shrink="false"
    >
      Search
    </label>
    <div
      class="MuiInputBase-root MuiOutlinedInput-root MuiInputBase-formControl"
    >
      <input
        aria-invalid="false"
        autocomplete="products"
        class="MuiInputBase-input MuiOutlinedInput-input MuiInputBase-inputTypeSearch"
        data-testid="searchInput"
        type="search"
        value=""
      />
      <fieldset
        aria-hidden="true"
        class="PrivateNotchedOutline-root-1 MuiOutlinedInput-notchedOutline"
      >
        <legend
          class="PrivateNotchedOutline-legendLabelled-3"
        >
          <span>
            Search
          </span>
        </legend>
      </fieldset>
    </div>
  </div>
</DocumentFragment>
`;
