// Jest Snapshot v1, https://goo.gl/fbAQLP

exports[`<GenderInput /> when displaying input renders correctly 1`] = `
<DocumentFragment>
  <div
    class="MuiFormControl-root"
  >
    <label
      class="MuiFormLabel-root MuiInputLabel-root MuiInputLabel-formControl MuiInputLabel-animated MuiInputLabel-shrink MuiInputLabel-outlined MuiFormLabel-filled"
      data-shrink="true"
      id="gender-input-label"
    >
      Gender
    </label>
    <div
      class="MuiInputBase-root MuiOutlinedInput-root MuiInputBase-formControl"
    >
      <select
        aria-invalid="false"
        class="MuiSelect-root MuiSelect-select MuiSelect-outlined MuiInputBase-input MuiOutlinedInput-input"
        data-testid="genderInput"
        id="gender-input"
      >
        <option
          aria-label="None"
        />
        <option
          value="unisex"
        >
          Unisex
        </option>
        <option
          value="female"
        >
          Female
        </option>
        <option
          value="male"
        >
          Male
        </option>
      </select>
      <svg
        aria-hidden="true"
        class="MuiSvgIcon-root MuiSelect-icon MuiSelect-iconOutlined"
        focusable="false"
        viewBox="0 0 24 24"
      >
        <path
          d="M7 10l5 5 5-5z"
        />
      </svg>
      <fieldset
        aria-hidden="true"
        class="PrivateNotchedOutline-root-1 MuiOutlinedInput-notchedOutline"
      >
        <legend
          class="PrivateNotchedOutline-legendLabelled-3 PrivateNotchedOutline-legendNotched-4"
        >
          <span>
            Gender
          </span>
        </legend>
      </fieldset>
    </div>
  </div>
</DocumentFragment>
`;
